Archive member included because of file (symbol)

c:/program files (x86)/microchip/mplab c32 suite/bin/../lib/gcc/pic32mx/4.5.1/../../../../pic32mx/lib\libc.a(general-exception.o)
                              c:/program files (x86)/microchip/mplab c32 suite/bin/../lib/gcc/pic32mx/4.5.1/../../../../pic32mx/lib/crt0.o (_general_exception_context)
c:/program files (x86)/microchip/mplab c32 suite/bin/../lib/gcc/pic32mx/4.5.1/../../../../pic32mx/lib\libc.a(default-general-exception-handler.o)
                              c:/program files (x86)/microchip/mplab c32 suite/bin/../lib/gcc/pic32mx/4.5.1/../../../../pic32mx/lib\libc.a(general-exception.o) (_general_exception_handler)
c:/program files (x86)/microchip/mplab c32 suite/bin/../lib/gcc/pic32mx/4.5.1/../../../../pic32mx/lib\libc.a(default-bootstrap-exception-handler.o)
                              c:/program files (x86)/microchip/mplab c32 suite/bin/../lib/gcc/pic32mx/4.5.1/../../../../pic32mx/lib/crt0.o (_bootstrap_exception_handler)
c:/program files (x86)/microchip/mplab c32 suite/bin/../lib/gcc/pic32mx/4.5.1/../../../../pic32mx/lib\libc.a(default-on-reset.o)
                              c:/program files (x86)/microchip/mplab c32 suite/bin/../lib/gcc/pic32mx/4.5.1/../../../../pic32mx/lib/crt0.o (_on_reset)
c:/program files (x86)/microchip/mplab c32 suite/bin/../lib/gcc/pic32mx/4.5.1/../../../../pic32mx/lib\libc.a(default-on-bootstrap.o)
                              c:/program files (x86)/microchip/mplab c32 suite/bin/../lib/gcc/pic32mx/4.5.1/../../../../pic32mx/lib/crt0.o (_on_bootstrap)
c:/program files (x86)/microchip/mplab c32 suite/bin/../lib/gcc/pic32mx/4.5.1/../../../../pic32mx/lib\libc.a(default-nmi-handler.o)
                              c:/program files (x86)/microchip/mplab c32 suite/bin/../lib/gcc/pic32mx/4.5.1/../../../../pic32mx/lib/crt0.o (_nmi_handler)

Microchip PIC32 Memory-Usage Report

kseg0 Program-Memory Usage
section                    address  length [bytes]      (dec)  Description
-------                 ----------  -------------------------  -----------
.text                   0x9d000008          0xf64        3940  App's exec code 
.text                   0x9d000f6c           0x94         148  App's exec code 
.app_excpt              0x9d001000         0x1000        4096  General-Exception 
.dinit                  0x9d002000           0xec         236   
.text.general_exception 0x9d0020ec           0xd0         208   
.text                   0x9d0021bc          0x2e8         744  App's exec code 
.text                   0x9d0024a4          0x23c         572  App's exec code 
.text._general_exceptio 0x9d0026e0            0xc          12   
.text._bootstrap_except 0x9d0026ec            0xc          12   
.text                   0x9d0026f8            0x8           8  App's exec code 
.text._on_reset         0x9d002700            0x8           8   
.text._on_bootstrap     0x9d002708            0x8           8   
      Total kseg0_program_mem used  :      0x2708        9992  1.9% of 0x80000

kseg0 Boot-Memory Usage
section                    address  length [bytes]      (dec)  Description
-------                 ----------  -------------------------  -----------
         Total kseg0_boot_mem used  :           0           0  <1% of 0x970

Exception-Memory Usage 
section                    address  length [bytes]      (dec)  Description
-------                 ----------  -------------------------  -----------
.app_excpt              0x9fc01180           0x10          16  General-Exception 
          Total exception_mem used  :        0x10          16  0.4% of 0x1000

kseg1 Boot-Memory Usage
section                    address  length [bytes]      (dec)  Description
-------                 ----------  -------------------------  -----------
.reset                  0xbfc00000          0x1f4         500  Reset handler 
.bev_excpt              0xbfc00380           0x10          16  BEV-Exception 
         Total kseg1_boot_mem used  :       0x204         516  44.2% of 0x490
        --------------------------------------------------------------------------
         Total Program Memory used  :      0x291c       10524  2.0% of 0x81e00
        --------------------------------------------------------------------------


kseg1 Data-Memory Usage
section                    address  length [bytes]      (dec)  Description
-------                 ----------  -------------------------  -----------
.data                   0xa0000200           0xad         173  Initialized data 
.data                   0xa00002b0            0x8           8  Initialized data 
         Total kseg1_data_mem used  :        0xb5         181  0.1% of 0x20000
        --------------------------------------------------------------------------
            Total Data Memory used  :        0xb5         181  0.1% of 0x20000
        --------------------------------------------------------------------------


Dynamic Data-Memory Reservation
section                    address  length [bytes]      (dec)  Description
-------                 ----------  -------------------------  -----------
heap                    0xa00002c0              0           0  Reserved for heap 
stack                   0xa00002d8        0x1fd20      130336  Reserved for stack 

        --------------------------------------------------------------------------

Discarded input sections

 .reginfo       0x00000000       0x18 c:/program files (x86)/microchip/mplab c32 suite/bin/../lib/gcc/pic32mx/4.5.1/../../../../pic32mx/lib/crt0.o
 .pdr           0x00000000       0xa0 c:/program files (x86)/microchip/mplab c32 suite/bin/../lib/gcc/pic32mx/4.5.1/../../../../pic32mx/lib/crt0.o
 .reginfo       0x00000000       0x18 spinlock.o
 .pdr           0x00000000        0x0 spinlock.o
 .reginfo       0x00000000       0x18 interrupt.o
 .pdr           0x00000000        0x0 interrupt.o
 .reginfo       0x00000000       0x18 ctxswitch.o
 .pdr           0x00000000        0x0 ctxswitch.o
 .reginfo       0x00000000       0x18 simplemm.o
 .pdr           0x00000000        0x0 simplemm.o
 .reginfo       0x00000000       0x18 main.o
 .pdr           0x00000000        0x0 main.o
 .reginfo       0x00000000       0x18 init.o
 .pdr           0x00000000        0x0 init.o
 .reginfo       0x00000000       0x18 mutex.o
 .pdr           0x00000000        0x0 mutex.o
 .reginfo       0x00000000       0x18 event.o
 .pdr           0x00000000        0x0 event.o
 .reginfo       0x00000000       0x18 fubar.o
 .pdr           0x00000000        0x0 fubar.o
 .reginfo       0x00000000       0x18 mmregion.o
 .pdr           0x00000000        0x0 mmregion.o
 .reginfo       0x00000000       0x18 pcr.o
 .pdr           0x00000000        0x0 pcr.o
 .reginfo       0x00000000       0x18 exception.o
 .pdr           0x00000000        0x0 exception.o
 .reginfo       0x00000000       0x18 addrmap.o
 .pdr           0x00000000        0x0 addrmap.o
 .reginfo       0x00000000       0x18 syscall.o
 .pdr           0x00000000        0x0 syscall.o
 .reginfo       0x00000000       0x18 idle.o
 .pdr           0x00000000        0x0 idle.o
 .reginfo       0x00000000       0x18 xmips.o
 .pdr           0x00000000        0x0 xmips.o
 .reginfo       0x00000000       0x18 serial.o
 .pdr           0x00000000        0x0 serial.o
 .reginfo       0x00000000       0x18 iomgr.o
 .pdr           0x00000000        0x0 iomgr.o
 .reginfo       0x00000000       0x18 debug.o
 .pdr           0x00000000        0x0 debug.o
 .reginfo       0x00000000       0x18 drv_14seg.o
 .pdr           0x00000000        0x0 drv_14seg.o
 .reginfo       0x00000000       0x18 numlib.o
 .pdr           0x00000000        0x0 numlib.o
 .reginfo       0x00000000       0x18 c:/program files (x86)/microchip/mplab c32 suite/bin/../lib/gcc/pic32mx/4.5.1/../../../../pic32mx/lib\libc.a(general-exception.o)
 .pdr           0x00000000       0x20 c:/program files (x86)/microchip/mplab c32 suite/bin/../lib/gcc/pic32mx/4.5.1/../../../../pic32mx/lib\libc.a(general-exception.o)
 .reginfo       0x00000000       0x18 c:/program files (x86)/microchip/mplab c32 suite/bin/../lib/gcc/pic32mx/4.5.1/../../../../pic32mx/lib\libc.a(default-general-exception-handler.o)
 .pdr           0x00000000       0x20 c:/program files (x86)/microchip/mplab c32 suite/bin/../lib/gcc/pic32mx/4.5.1/../../../../pic32mx/lib\libc.a(default-general-exception-handler.o)
 .reginfo       0x00000000       0x18 c:/program files (x86)/microchip/mplab c32 suite/bin/../lib/gcc/pic32mx/4.5.1/../../../../pic32mx/lib\libc.a(default-bootstrap-exception-handler.o)
 .pdr           0x00000000       0x20 c:/program files (x86)/microchip/mplab c32 suite/bin/../lib/gcc/pic32mx/4.5.1/../../../../pic32mx/lib\libc.a(default-bootstrap-exception-handler.o)
 .reginfo       0x00000000       0x18 c:/program files (x86)/microchip/mplab c32 suite/bin/../lib/gcc/pic32mx/4.5.1/../../../../pic32mx/lib\libc.a(default-on-reset.o)
 .pdr           0x00000000       0x20 c:/program files (x86)/microchip/mplab c32 suite/bin/../lib/gcc/pic32mx/4.5.1/../../../../pic32mx/lib\libc.a(default-on-reset.o)
 .reginfo       0x00000000       0x18 c:/program files (x86)/microchip/mplab c32 suite/bin/../lib/gcc/pic32mx/4.5.1/../../../../pic32mx/lib\libc.a(default-on-bootstrap.o)
 .pdr           0x00000000       0x20 c:/program files (x86)/microchip/mplab c32 suite/bin/../lib/gcc/pic32mx/4.5.1/../../../../pic32mx/lib\libc.a(default-on-bootstrap.o)
 .reginfo       0x00000000       0x18 c:/program files (x86)/microchip/mplab c32 suite/bin/../lib/gcc/pic32mx/4.5.1/../../../../pic32mx/lib\libc.a(default-nmi-handler.o)
 .pdr           0x00000000       0x20 c:/program files (x86)/microchip/mplab c32 suite/bin/../lib/gcc/pic32mx/4.5.1/../../../../pic32mx/lib\libc.a(default-nmi-handler.o)
 .reginfo       0x00000000       0x18 c:/program files (x86)/microchip/mplab c32 suite/bin/../lib/gcc/pic32mx/4.5.1/../../../../pic32mx/lib/./proc/32MX795F512L\processor.o
 .pdr           0x00000000        0x0 c:/program files (x86)/microchip/mplab c32 suite/bin/../lib/gcc/pic32mx/4.5.1/../../../../pic32mx/lib/./proc/32MX795F512L\processor.o

Memory Configuration

Name             Origin             Length             Attributes
kseg0_program_mem 0x9d000000         0x00080000         xr
kseg0_boot_mem   0x9fc00490         0x00000970
exception_mem    0x9fc01000         0x00001000
kseg1_boot_mem   0xbfc00000         0x00000490
debug_exec_mem   0xbfc02000         0x00000ff0
config3          0xbfc02ff0         0x00000004
config2          0xbfc02ff4         0x00000004
config1          0xbfc02ff8         0x00000004
config0          0xbfc02ffc         0x00000004
kseg1_data_mem   0xa0000000         0x00020000         w !x
sfrs             0xbf800000         0x00100000
configsfrs       0xbfc02ff0         0x00000010
*default*        0x00000000         0xffffffff

Linker script and memory map

LOAD c:/program files (x86)/microchip/mplab c32 suite/bin/../lib/gcc/pic32mx/4.5.1/../../../../pic32mx/lib/crt0.o
                0x00000001                _DEBUGGER = 0x1
LOAD spinlock.o
LOAD interrupt.o
LOAD ctxswitch.o
LOAD simplemm.o
LOAD main.o
LOAD init.o
LOAD mutex.o
LOAD event.o
LOAD fubar.o
LOAD mmregion.o
LOAD pcr.o
LOAD exception.o
LOAD addrmap.o
LOAD syscall.o
LOAD idle.o
LOAD xmips.o
LOAD serial.o
LOAD iomgr.o
LOAD debug.o
LOAD drv_14seg.o
LOAD numlib.o
                0x00000001                __MPLAB_BUILD = 0x1
                0x00000001                __MPLAB_DEBUG = 0x1
                0x00000001                __MPLAB_DEBUGGER_ICD3 = 0x1
                0x00000001                __ICD2RAM = 0x1
LOAD c:/program files (x86)/microchip/mplab c32 suite/bin/../lib/gcc/pic32mx/4.5.1\libgcc.a
START GROUP
LOAD c:/program files (x86)/microchip/mplab c32 suite/bin/../lib/gcc/pic32mx/4.5.1/../../../../pic32mx/lib\libdebug.a
LOAD c:/program files (x86)/microchip/mplab c32 suite/bin/../lib/gcc/pic32mx/4.5.1/../../../../pic32mx/lib\libc.a
LOAD c:/program files (x86)/microchip/mplab c32 suite/bin/../lib/gcc/pic32mx/4.5.1/../../../../pic32mx/lib\libm.a
LOAD c:/program files (x86)/microchip/mplab c32 suite/bin/../lib/gcc/pic32mx/4.5.1/../../../../pic32mx/lib\libe.a
LOAD c:/program files (x86)/microchip/mplab c32 suite/bin/../lib/gcc/pic32mx/4.5.1/../../../../pic32mx/lib\libdsp.a
LOAD c:/program files (x86)/microchip/mplab c32 suite/bin/../lib/gcc/pic32mx/4.5.1/../../../../pic32mx/lib\libmchp_peripheral.a
LOAD c:/program files (x86)/microchip/mplab c32 suite/bin/../lib/gcc/pic32mx/4.5.1/../../../../pic32mx/lib\libmchp_peripheral_32MX795F512L.a
END GROUP
LOAD c:/program files (x86)/microchip/mplab c32 suite/bin/../lib/gcc/pic32mx/4.5.1\libgcc.a
                0x00000400                PROVIDE (_min_stack_size, 0x400)
                0x00000000                PROVIDE (_min_heap_size, 0x0)
LOAD c:/program files (x86)/microchip/mplab c32 suite/bin/../lib/gcc/pic32mx/4.5.1/../../../../pic32mx/lib/./proc/32MX795F512L\processor.o
                0x00000001                PROVIDE (_vector_spacing, 0x1)
                0x9fc01000                _ebase_address = 0x9fc01000
                0xbfc00000                _RESET_ADDR = 0xbfc00000
                0xbfc00380                _BEV_EXCPT_ADDR = 0xbfc00380
                0xbfc00480                _DBG_EXCPT_ADDR = 0xbfc00480
                0xbfc02000                _DBG_CODE_ADDR = 0xbfc02000
                0x00000ff0                _DBG_CODE_SIZE = 0xff0
                0x9fc01180                _GEN_EXCPT_ADDR = (_ebase_address + 0x180)

.config_BFC02FF0
 *(.config_BFC02FF0)

.config_BFC02FF4
 *(.config_BFC02FF4)

.config_BFC02FF8
 *(.config_BFC02FF8)

.config_BFC02FFC
 *(.config_BFC02FFC)
                0xbfc02000                PROVIDE (_DBG_CODE_ADDR, 0xbfc02000)
                0x00000ff0                PROVIDE (_DBG_CODE_SIZE, 0xff0)

.reset          0xbfc00000      0x1f4
 *(.reset)
 .reset         0xbfc00000       0x10 c:/program files (x86)/microchip/mplab c32 suite/bin/../lib/gcc/pic32mx/4.5.1/../../../../pic32mx/lib/crt0.o
                0xbfc00000                _reset
 *(.reset.startup)
 .reset.startup
                0xbfc00010      0x1e4 c:/program files (x86)/microchip/mplab c32 suite/bin/../lib/gcc/pic32mx/4.5.1/../../../../pic32mx/lib/crt0.o

.bev_excpt      0xbfc00380       0x10
 *(.bev_handler)
 .bev_handler   0xbfc00380       0x10 c:/program files (x86)/microchip/mplab c32 suite/bin/../lib/gcc/pic32mx/4.5.1/../../../../pic32mx/lib/crt0.o

.dbg_excpt      0xbfc00480        0x8
                0xbfc00480                . = (. + DEFINED (_DEBUGGER)?0x8:0x0)
 *fill*         0xbfc00480        0x8 00

.dbg_code       0xbfc02000      0xff0
                0xbfc02000                . = (. + DEFINED (_DEBUGGER)?_DBG_CODE_SIZE:0x0)
 *fill*         0xbfc02000      0xff0 00

.app_excpt      0x9fc01180       0x10
 *(.gen_handler)
 .gen_handler   0x9fc01180       0x10 c:/program files (x86)/microchip/mplab c32 suite/bin/../lib/gcc/pic32mx/4.5.1/../../../../pic32mx/lib/crt0.o

.vector_0       0x9fc01200        0x0
 *(.vector_0)
                0x00000001                ASSERT (((_vector_spacing == 0x0) || (SIZEOF (.vector_0) <= (_vector_spacing << 0x5))), function at exception vector 0 too large)

.vector_1       0x9fc01220        0x0
 *(.vector_1)
                0x00000001                ASSERT (((_vector_spacing == 0x0) || (SIZEOF (.vector_1) <= (_vector_spacing << 0x5))), function at exception vector 1 too large)

.vector_2       0x9fc01240        0x0
 *(.vector_2)
                0x00000001                ASSERT (((_vector_spacing == 0x0) || (SIZEOF (.vector_2) <= (_vector_spacing << 0x5))), function at exception vector 2 too large)

.vector_3       0x9fc01260        0x0
 *(.vector_3)
                0x00000001                ASSERT (((_vector_spacing == 0x0) || (SIZEOF (.vector_3) <= (_vector_spacing << 0x5))), function at exception vector 3 too large)

.vector_4       0x9fc01280        0x0
 *(.vector_4)
                0x00000001                ASSERT (((_vector_spacing == 0x0) || (SIZEOF (.vector_4) <= (_vector_spacing << 0x5))), function at exception vector 4 too large)

.vector_5       0x9fc012a0        0x0
 *(.vector_5)
                0x00000001                ASSERT (((_vector_spacing == 0x0) || (SIZEOF (.vector_5) <= (_vector_spacing << 0x5))), function at exception vector 5 too large)

.vector_6       0x9fc012c0        0x0
 *(.vector_6)
                0x00000001                ASSERT (((_vector_spacing == 0x0) || (SIZEOF (.vector_6) <= (_vector_spacing << 0x5))), function at exception vector 6 too large)

.vector_7       0x9fc012e0        0x0
 *(.vector_7)
                0x00000001                ASSERT (((_vector_spacing == 0x0) || (SIZEOF (.vector_7) <= (_vector_spacing << 0x5))), function at exception vector 7 too large)

.vector_8       0x9fc01300        0x0
 *(.vector_8)
                0x00000001                ASSERT (((_vector_spacing == 0x0) || (SIZEOF (.vector_8) <= (_vector_spacing << 0x5))), function at exception vector 8 too large)

.vector_9       0x9fc01320        0x0
 *(.vector_9)
                0x00000001                ASSERT (((_vector_spacing == 0x0) || (SIZEOF (.vector_9) <= (_vector_spacing << 0x5))), function at exception vector 9 too large)

.vector_10      0x9fc01340        0x0
 *(.vector_10)
                0x00000001                ASSERT (((_vector_spacing == 0x0) || (SIZEOF (.vector_10) <= (_vector_spacing << 0x5))), function at exception vector 10 too large)

.vector_11      0x9fc01360        0x0
 *(.vector_11)
                0x00000001                ASSERT (((_vector_spacing == 0x0) || (SIZEOF (.vector_11) <= (_vector_spacing << 0x5))), function at exception vector 11 too large)

.vector_12      0x9fc01380        0x0
 *(.vector_12)
                0x00000001                ASSERT (((_vector_spacing == 0x0) || (SIZEOF (.vector_12) <= (_vector_spacing << 0x5))), function at exception vector 12 too large)

.vector_13      0x9fc013a0        0x0
 *(.vector_13)
                0x00000001                ASSERT (((_vector_spacing == 0x0) || (SIZEOF (.vector_13) <= (_vector_spacing << 0x5))), function at exception vector 13 too large)

.vector_14      0x9fc013c0        0x0
 *(.vector_14)
                0x00000001                ASSERT (((_vector_spacing == 0x0) || (SIZEOF (.vector_14) <= (_vector_spacing << 0x5))), function at exception vector 14 too large)

.vector_15      0x9fc013e0        0x0
 *(.vector_15)
                0x00000001                ASSERT (((_vector_spacing == 0x0) || (SIZEOF (.vector_15) <= (_vector_spacing << 0x5))), function at exception vector 15 too large)

.vector_16      0x9fc01400        0x0
 *(.vector_16)
                0x00000001                ASSERT (((_vector_spacing == 0x0) || (SIZEOF (.vector_16) <= (_vector_spacing << 0x5))), function at exception vector 16 too large)

.vector_17      0x9fc01420        0x0
 *(.vector_17)
                0x00000001                ASSERT (((_vector_spacing == 0x0) || (SIZEOF (.vector_17) <= (_vector_spacing << 0x5))), function at exception vector 17 too large)

.vector_18      0x9fc01440        0x0
 *(.vector_18)
                0x00000001                ASSERT (((_vector_spacing == 0x0) || (SIZEOF (.vector_18) <= (_vector_spacing << 0x5))), function at exception vector 18 too large)

.vector_19      0x9fc01460        0x0
 *(.vector_19)
                0x00000001                ASSERT (((_vector_spacing == 0x0) || (SIZEOF (.vector_19) <= (_vector_spacing << 0x5))), function at exception vector 19 too large)

.vector_20      0x9fc01480        0x0
 *(.vector_20)
                0x00000001                ASSERT (((_vector_spacing == 0x0) || (SIZEOF (.vector_20) <= (_vector_spacing << 0x5))), function at exception vector 20 too large)

.vector_21      0x9fc014a0        0x0
 *(.vector_21)
                0x00000001                ASSERT (((_vector_spacing == 0x0) || (SIZEOF (.vector_21) <= (_vector_spacing << 0x5))), function at exception vector 21 too large)

.vector_22      0x9fc014c0        0x0
 *(.vector_22)
                0x00000001                ASSERT (((_vector_spacing == 0x0) || (SIZEOF (.vector_22) <= (_vector_spacing << 0x5))), function at exception vector 22 too large)

.vector_23      0x9fc014e0        0x0
 *(.vector_23)
                0x00000001                ASSERT (((_vector_spacing == 0x0) || (SIZEOF (.vector_23) <= (_vector_spacing << 0x5))), function at exception vector 23 too large)

.vector_24      0x9fc01500        0x0
 *(.vector_24)
                0x00000001                ASSERT (((_vector_spacing == 0x0) || (SIZEOF (.vector_24) <= (_vector_spacing << 0x5))), function at exception vector 24 too large)

.vector_25      0x9fc01520        0x0
 *(.vector_25)
                0x00000001                ASSERT (((_vector_spacing == 0x0) || (SIZEOF (.vector_25) <= (_vector_spacing << 0x5))), function at exception vector 25 too large)

.vector_26      0x9fc01540        0x0
 *(.vector_26)
                0x00000001                ASSERT (((_vector_spacing == 0x0) || (SIZEOF (.vector_26) <= (_vector_spacing << 0x5))), function at exception vector 26 too large)

.vector_27      0x9fc01560        0x0
 *(.vector_27)
                0x00000001                ASSERT (((_vector_spacing == 0x0) || (SIZEOF (.vector_27) <= (_vector_spacing << 0x5))), function at exception vector 27 too large)

.vector_28      0x9fc01580        0x0
 *(.vector_28)
                0x00000001                ASSERT (((_vector_spacing == 0x0) || (SIZEOF (.vector_28) <= (_vector_spacing << 0x5))), function at exception vector 28 too large)

.vector_29      0x9fc015a0        0x0
 *(.vector_29)
                0x00000001                ASSERT (((_vector_spacing == 0x0) || (SIZEOF (.vector_29) <= (_vector_spacing << 0x5))), function at exception vector 29 too large)

.vector_30      0x9fc015c0        0x0
 *(.vector_30)
                0x00000001                ASSERT (((_vector_spacing == 0x0) || (SIZEOF (.vector_30) <= (_vector_spacing << 0x5))), function at exception vector 30 too large)

.vector_31      0x9fc015e0        0x0
 *(.vector_31)
                0x00000001                ASSERT (((_vector_spacing == 0x0) || (SIZEOF (.vector_31) <= (_vector_spacing << 0x5))), function at exception vector 31 too large)

.vector_32      0x9fc01600        0x0
 *(.vector_32)
                0x00000001                ASSERT (((_vector_spacing == 0x0) || (SIZEOF (.vector_32) <= (_vector_spacing << 0x5))), function at exception vector 32 too large)

.vector_33      0x9fc01620        0x0
 *(.vector_33)
                0x00000001                ASSERT (((_vector_spacing == 0x0) || (SIZEOF (.vector_33) <= (_vector_spacing << 0x5))), function at exception vector 33 too large)

.vector_34      0x9fc01640        0x0
 *(.vector_34)
                0x00000001                ASSERT (((_vector_spacing == 0x0) || (SIZEOF (.vector_34) <= (_vector_spacing << 0x5))), function at exception vector 34 too large)

.vector_35      0x9fc01660        0x0
 *(.vector_35)
                0x00000001                ASSERT (((_vector_spacing == 0x0) || (SIZEOF (.vector_35) <= (_vector_spacing << 0x5))), function at exception vector 35 too large)

.vector_36      0x9fc01680        0x0
 *(.vector_36)
                0x00000001                ASSERT (((_vector_spacing == 0x0) || (SIZEOF (.vector_36) <= (_vector_spacing << 0x5))), function at exception vector 36 too large)

.vector_37      0x9fc016a0        0x0
 *(.vector_37)
                0x00000001                ASSERT (((_vector_spacing == 0x0) || (SIZEOF (.vector_37) <= (_vector_spacing << 0x5))), function at exception vector 37 too large)

.vector_38      0x9fc016c0        0x0
 *(.vector_38)
                0x00000001                ASSERT (((_vector_spacing == 0x0) || (SIZEOF (.vector_38) <= (_vector_spacing << 0x5))), function at exception vector 38 too large)

.vector_39      0x9fc016e0        0x0
 *(.vector_39)
                0x00000001                ASSERT (((_vector_spacing == 0x0) || (SIZEOF (.vector_39) <= (_vector_spacing << 0x5))), function at exception vector 39 too large)

.vector_40      0x9fc01700        0x0
 *(.vector_40)
                0x00000001                ASSERT (((_vector_spacing == 0x0) || (SIZEOF (.vector_40) <= (_vector_spacing << 0x5))), function at exception vector 40 too large)

.vector_41      0x9fc01720        0x0
 *(.vector_41)
                0x00000001                ASSERT (((_vector_spacing == 0x0) || (SIZEOF (.vector_41) <= (_vector_spacing << 0x5))), function at exception vector 41 too large)

.vector_42      0x9fc01740        0x0
 *(.vector_42)
                0x00000001                ASSERT (((_vector_spacing == 0x0) || (SIZEOF (.vector_42) <= (_vector_spacing << 0x5))), function at exception vector 42 too large)

.vector_43      0x9fc01760        0x0
 *(.vector_43)
                0x00000001                ASSERT (((_vector_spacing == 0x0) || (SIZEOF (.vector_43) <= (_vector_spacing << 0x5))), function at exception vector 43 too large)

.vector_44      0x9fc01780        0x0
 *(.vector_44)
                0x00000001                ASSERT (((_vector_spacing == 0x0) || (SIZEOF (.vector_44) <= (_vector_spacing << 0x5))), function at exception vector 44 too large)

.vector_45      0x9fc017a0        0x0
 *(.vector_45)
                0x00000001                ASSERT (((_vector_spacing == 0x0) || (SIZEOF (.vector_45) <= (_vector_spacing << 0x5))), function at exception vector 45 too large)

.vector_46      0x9fc017c0        0x0
 *(.vector_46)
                0x00000001                ASSERT (((_vector_spacing == 0x0) || (SIZEOF (.vector_46) <= (_vector_spacing << 0x5))), function at exception vector 46 too large)

.vector_47      0x9fc017e0        0x0
 *(.vector_47)
                0x00000001                ASSERT (((_vector_spacing == 0x0) || (SIZEOF (.vector_47) <= (_vector_spacing << 0x5))), function at exception vector 47 too large)

.vector_48      0x9fc01800        0x0
 *(.vector_48)
                0x00000001                ASSERT (((_vector_spacing == 0x0) || (SIZEOF (.vector_48) <= (_vector_spacing << 0x5))), function at exception vector 48 too large)

.vector_49      0x9fc01820        0x0
 *(.vector_49)
                0x00000001                ASSERT (((_vector_spacing == 0x0) || (SIZEOF (.vector_49) <= (_vector_spacing << 0x5))), function at exception vector 49 too large)

.vector_50      0x9fc01840        0x0
 *(.vector_50)
                0x00000001                ASSERT (((_vector_spacing == 0x0) || (SIZEOF (.vector_50) <= (_vector_spacing << 0x5))), function at exception vector 50 too large)

.vector_51      0x9fc01860        0x0
 *(.vector_51)
                0x00000001                ASSERT (((_vector_spacing == 0x0) || (SIZEOF (.vector_51) <= (_vector_spacing << 0x5))), function at exception vector 51 too large)

.vector_52      0x9fc01880        0x0
 *(.vector_52)
                0x00000001                ASSERT (((_vector_spacing == 0x0) || (SIZEOF (.vector_52) <= (_vector_spacing << 0x5))), function at exception vector 52 too large)

.vector_53      0x9fc018a0        0x0
 *(.vector_53)
                0x00000001                ASSERT (((_vector_spacing == 0x0) || (SIZEOF (.vector_53) <= (_vector_spacing << 0x5))), function at exception vector 53 too large)

.vector_54      0x9fc018c0        0x0
 *(.vector_54)
                0x00000001                ASSERT (((_vector_spacing == 0x0) || (SIZEOF (.vector_54) <= (_vector_spacing << 0x5))), function at exception vector 54 too large)

.vector_55      0x9fc018e0        0x0
 *(.vector_55)
                0x00000001                ASSERT (((_vector_spacing == 0x0) || (SIZEOF (.vector_55) <= (_vector_spacing << 0x5))), function at exception vector 55 too large)

.vector_56      0x9fc01900        0x0
 *(.vector_56)
                0x00000001                ASSERT (((_vector_spacing == 0x0) || (SIZEOF (.vector_56) <= (_vector_spacing << 0x5))), function at exception vector 56 too large)

.vector_57      0x9fc01920        0x0
 *(.vector_57)
                0x00000001                ASSERT (((_vector_spacing == 0x0) || (SIZEOF (.vector_57) <= (_vector_spacing << 0x5))), function at exception vector 57 too large)

.vector_58      0x9fc01940        0x0
 *(.vector_58)
                0x00000001                ASSERT (((_vector_spacing == 0x0) || (SIZEOF (.vector_58) <= (_vector_spacing << 0x5))), function at exception vector 58 too large)

.vector_59      0x9fc01960        0x0
 *(.vector_59)
                0x00000001                ASSERT (((_vector_spacing == 0x0) || (SIZEOF (.vector_59) <= (_vector_spacing << 0x5))), function at exception vector 59 too large)

.vector_60      0x9fc01980        0x0
 *(.vector_60)
                0x00000001                ASSERT (((_vector_spacing == 0x0) || (SIZEOF (.vector_60) <= (_vector_spacing << 0x5))), function at exception vector 60 too large)

.vector_61      0x9fc019a0        0x0
 *(.vector_61)
                0x00000001                ASSERT (((_vector_spacing == 0x0) || (SIZEOF (.vector_61) <= (_vector_spacing << 0x5))), function at exception vector 61 too large)

.vector_62      0x9fc019c0        0x0
 *(.vector_62)
                0x00000001                ASSERT (((_vector_spacing == 0x0) || (SIZEOF (.vector_62) <= (_vector_spacing << 0x5))), function at exception vector 62 too large)

.vector_63      0x9fc019e0        0x0
 *(.vector_63)
                0x00000001                ASSERT (((_vector_spacing == 0x0) || (SIZEOF (.vector_63) <= (_vector_spacing << 0x5))), function at exception vector 63 too large)

.startup
 *(.startup)

.text
 *(.stub .gnu.linkonce.t.*)
 *(.text.*personality*)
 *(.mips16.fn.*)
 *(.mips16.call.*)
 *(.gnu.warning)

.rodata         0x9d000000        0x0
 *(.rodata.* .gnu.linkonce.r.*)
 *(.rodata1)
                0x9d000000                . = ALIGN (0x4)

.sdata2         0x9fc00490        0x0
 *(.sdata2 .sdata2.* .gnu.linkonce.s2.*)
                0x9fc00490                . = ALIGN (0x4)

.sbss2          0x9fc00490        0x0
 *(.sbss2 .sbss2.* .gnu.linkonce.sb2.*)
                0x9fc00490                . = ALIGN (0x4)

.eh_frame_hdr
 *(.eh_frame_hdr)

.eh_frame
 *(.eh_frame)

.dbg_data       0xa0000000      0x200
                0xa0000000                . = (. + DEFINED (_DEBUGGER)?0x200:0x0)
 *fill*         0xa0000000      0x200 00

.persist        0xa0000200        0x0
                0xa0000200                _persist_begin = .
 *(.persist .persist.*)
                0xa0000200                . = ALIGN (0x4)
                0xa0000200                _persist_end = .

.eh_frame
 *(.eh_frame)
                0xa0000200                . = .
                0xa00081f0                _gp = (ALIGN (0x10) + 0x7ff0)

.got
 *(.got.plt)
 *(.got)

.sdata          0xa0000200        0x0
                0xa0000200                _sdata_begin = .
 *(.sdata .sdata.* .gnu.linkonce.s.*)
                0xa0000200                _sdata_end = .

.lit8
 *(.lit8)

.lit4
 *(.lit4)
                0xa0000200                . = ALIGN (0x4)
                0xa0000200                _data_end = .
                0xa0000200                _bss_begin = .

.sbss           0xa0000200        0x0
                0xa0000200                _sbss_begin = .
 *(.dynsbss)
 *(.sbss .sbss.* .gnu.linkonce.sb.*)
 *(.scommon)
                0xa0000200                _sbss_end = .

.bss            0xa0000200        0x0
 *(.dynbss)
 *(COMMON)
                0xa0000200                . = ALIGN (0x4)
                0xa0000200                . = ALIGN (0x4)
                0xa0000200                _end = .
                0xa0000200                _bss_end = .
                0x00020000                _bmxdudba_address = 0x20000
                0x00020000                _bmxdupba_address = 0x20000

/DISCARD/
 *(.pdr)
 *(.reginfo)
 *(.rel.dyn)
 *(.note.GNU-stack)
 *(.note.GNU-stack)
 *(.gnu_debuglink)
 *(.gnu.lto_*)
 *(.discard)

.stab
 *(.stab)

.stabstr
 *(.stabstr)

.stab.excl
 *(.stab.excl)

.stab.exclstr
 *(.stab.exclstr)

.stab.index
 *(.stab.index)

.stab.indexstr
 *(.stab.indexstr)

.comment        0x00000000       0x51
 *(.comment)
 .comment       0x00000000       0x51 c:/program files (x86)/microchip/mplab c32 suite/bin/../lib/gcc/pic32mx/4.5.1/../../../../pic32mx/lib\libc.a(default-general-exception-handler.o)
                                 0x52 (size before relaxing)
 .comment       0x00000000       0x52 c:/program files (x86)/microchip/mplab c32 suite/bin/../lib/gcc/pic32mx/4.5.1/../../../../pic32mx/lib\libc.a(default-bootstrap-exception-handler.o)
 .comment       0x00000000       0x52 c:/program files (x86)/microchip/mplab c32 suite/bin/../lib/gcc/pic32mx/4.5.1/../../../../pic32mx/lib\libc.a(default-on-reset.o)
 .comment       0x00000000       0x52 c:/program files (x86)/microchip/mplab c32 suite/bin/../lib/gcc/pic32mx/4.5.1/../../../../pic32mx/lib\libc.a(default-on-bootstrap.o)

.debug
 *(.debug)

.line
 *(.line)

.debug_srcinfo
 *(.debug_srcinfo)

.debug_sfnames
 *(.debug_sfnames)

.debug_aranges  0x00000000      0x308
 *(.debug_aranges)
 .debug_aranges
                0x00000000       0x20 spinlock.o
 .debug_aranges
                0x00000020       0x20 interrupt.o
 .debug_aranges
                0x00000040       0x20 ctxswitch.o
 .debug_aranges
                0x00000060       0x20 simplemm.o
 .debug_aranges
                0x00000080       0x20 main.o
 .debug_aranges
                0x000000a0       0x20 init.o
 .debug_aranges
                0x000000c0       0x20 mutex.o
 .debug_aranges
                0x000000e0       0x20 event.o
 .debug_aranges
                0x00000100       0x20 fubar.o
 .debug_aranges
                0x00000120       0x20 mmregion.o
 .debug_aranges
                0x00000140       0x20 pcr.o
 .debug_aranges
                0x00000160       0x28 exception.o
 .debug_aranges
                0x00000188       0x20 syscall.o
 .debug_aranges
                0x000001a8       0x20 idle.o
 .debug_aranges
                0x000001c8       0x20 xmips.o
 .debug_aranges
                0x000001e8       0x20 serial.o
 .debug_aranges
                0x00000208       0x20 iomgr.o
 .debug_aranges
                0x00000228       0x20 debug.o
 .debug_aranges
                0x00000248       0x20 drv_14seg.o
 .debug_aranges
                0x00000268       0x20 numlib.o
 .debug_aranges
                0x00000288       0x20 c:/program files (x86)/microchip/mplab c32 suite/bin/../lib/gcc/pic32mx/4.5.1/../../../../pic32mx/lib\libc.a(default-general-exception-handler.o)
 .debug_aranges
                0x000002a8       0x20 c:/program files (x86)/microchip/mplab c32 suite/bin/../lib/gcc/pic32mx/4.5.1/../../../../pic32mx/lib\libc.a(default-bootstrap-exception-handler.o)
 .debug_aranges
                0x000002c8       0x20 c:/program files (x86)/microchip/mplab c32 suite/bin/../lib/gcc/pic32mx/4.5.1/../../../../pic32mx/lib\libc.a(default-on-reset.o)
 .debug_aranges
                0x000002e8       0x20 c:/program files (x86)/microchip/mplab c32 suite/bin/../lib/gcc/pic32mx/4.5.1/../../../../pic32mx/lib\libc.a(default-on-bootstrap.o)

.debug_pubnames
                0x00000000       0xa8
 *(.debug_pubnames)
 .debug_pubnames
                0x00000000       0x31 c:/program files (x86)/microchip/mplab c32 suite/bin/../lib/gcc/pic32mx/4.5.1/../../../../pic32mx/lib\libc.a(default-general-exception-handler.o)
 .debug_pubnames
                0x00000031       0x33 c:/program files (x86)/microchip/mplab c32 suite/bin/../lib/gcc/pic32mx/4.5.1/../../../../pic32mx/lib\libc.a(default-bootstrap-exception-handler.o)
 .debug_pubnames
                0x00000064       0x20 c:/program files (x86)/microchip/mplab c32 suite/bin/../lib/gcc/pic32mx/4.5.1/../../../../pic32mx/lib\libc.a(default-on-reset.o)
 .debug_pubnames
                0x00000084       0x24 c:/program files (x86)/microchip/mplab c32 suite/bin/../lib/gcc/pic32mx/4.5.1/../../../../pic32mx/lib\libc.a(default-on-bootstrap.o)

.debug_info     0x00000000      0xb3c
 *(.debug_info .gnu.linkonce.wi.*)
 .debug_info    0x00000000       0x61 spinlock.o
 .debug_info    0x00000061       0x62 interrupt.o
 .debug_info    0x000000c3       0x62 ctxswitch.o
 .debug_info    0x00000125       0x61 simplemm.o
 .debug_info    0x00000186       0x5d main.o
 .debug_info    0x000001e3       0x5d init.o
 .debug_info    0x00000240       0x5e mutex.o
 .debug_info    0x0000029e       0x5e event.o
 .debug_info    0x000002fc       0x5e fubar.o
 .debug_info    0x0000035a       0x61 mmregion.o
 .debug_info    0x000003bb       0x5c pcr.o
 .debug_info    0x00000417       0x5e exception.o
 .debug_info    0x00000475       0x60 syscall.o
 .debug_info    0x000004d5       0x5d idle.o
 .debug_info    0x00000532       0x5e xmips.o
 .debug_info    0x00000590       0x5f serial.o
 .debug_info    0x000005ef       0x5e iomgr.o
 .debug_info    0x0000064d       0x5e debug.o
 .debug_info    0x000006ab       0x62 drv_14seg.o
 .debug_info    0x0000070d       0x5f numlib.o
 .debug_info    0x0000076c      0x102 c:/program files (x86)/microchip/mplab c32 suite/bin/../lib/gcc/pic32mx/4.5.1/../../../../pic32mx/lib\libc.a(default-general-exception-handler.o)
 .debug_info    0x0000086e      0x106 c:/program files (x86)/microchip/mplab c32 suite/bin/../lib/gcc/pic32mx/4.5.1/../../../../pic32mx/lib\libc.a(default-bootstrap-exception-handler.o)
 .debug_info    0x00000974       0xe0 c:/program files (x86)/microchip/mplab c32 suite/bin/../lib/gcc/pic32mx/4.5.1/../../../../pic32mx/lib\libc.a(default-on-reset.o)
 .debug_info    0x00000a54       0xe8 c:/program files (x86)/microchip/mplab c32 suite/bin/../lib/gcc/pic32mx/4.5.1/../../../../pic32mx/lib\libc.a(default-on-bootstrap.o)

.debug_abbrev   0x00000000      0x222
 *(.debug_abbrev)
 .debug_abbrev  0x00000000       0x14 spinlock.o
 .debug_abbrev  0x00000014       0x14 interrupt.o
 .debug_abbrev  0x00000028       0x14 ctxswitch.o
 .debug_abbrev  0x0000003c       0x14 simplemm.o
 .debug_abbrev  0x00000050       0x14 main.o
 .debug_abbrev  0x00000064       0x14 init.o
 .debug_abbrev  0x00000078       0x14 mutex.o
 .debug_abbrev  0x0000008c       0x14 event.o
 .debug_abbrev  0x000000a0       0x14 fubar.o
 .debug_abbrev  0x000000b4       0x14 mmregion.o
 .debug_abbrev  0x000000c8       0x14 pcr.o
 .debug_abbrev  0x000000dc       0x12 exception.o
 .debug_abbrev  0x000000ee       0x14 syscall.o
 .debug_abbrev  0x00000102       0x14 idle.o
 .debug_abbrev  0x00000116       0x14 xmips.o
 .debug_abbrev  0x0000012a       0x14 serial.o
 .debug_abbrev  0x0000013e       0x14 iomgr.o
 .debug_abbrev  0x00000152       0x14 debug.o
 .debug_abbrev  0x00000166       0x14 drv_14seg.o
 .debug_abbrev  0x0000017a       0x14 numlib.o
 .debug_abbrev  0x0000018e       0x25 c:/program files (x86)/microchip/mplab c32 suite/bin/../lib/gcc/pic32mx/4.5.1/../../../../pic32mx/lib\libc.a(default-general-exception-handler.o)
 .debug_abbrev  0x000001b3       0x25 c:/program files (x86)/microchip/mplab c32 suite/bin/../lib/gcc/pic32mx/4.5.1/../../../../pic32mx/lib\libc.a(default-bootstrap-exception-handler.o)
 .debug_abbrev  0x000001d8       0x25 c:/program files (x86)/microchip/mplab c32 suite/bin/../lib/gcc/pic32mx/4.5.1/../../../../pic32mx/lib\libc.a(default-on-reset.o)
 .debug_abbrev  0x000001fd       0x25 c:/program files (x86)/microchip/mplab c32 suite/bin/../lib/gcc/pic32mx/4.5.1/../../../../pic32mx/lib\libc.a(default-on-bootstrap.o)

.debug_line     0x00000000      0xb37
 *(.debug_line)
 .debug_line    0x00000000       0x44 spinlock.o
 .debug_line    0x00000044       0x68 interrupt.o
 .debug_line    0x000000ac      0x134 ctxswitch.o
 .debug_line    0x000001e0       0x5d simplemm.o
 .debug_line    0x0000023d       0x76 main.o
 .debug_line    0x000002b3       0x51 init.o
 .debug_line    0x00000304       0x76 mutex.o
 .debug_line    0x0000037a       0x3a event.o
 .debug_line    0x000003b4       0x37 fubar.o
 .debug_line    0x000003eb       0x47 mmregion.o
 .debug_line    0x00000432       0x42 pcr.o
 .debug_line    0x00000474       0xde exception.o
 .debug_line    0x00000552       0x93 syscall.o
 .debug_line    0x000005e5       0x4a idle.o
 .debug_line    0x0000062f      0x10c xmips.o
 .debug_line    0x0000073b       0x61 serial.o
 .debug_line    0x0000079c       0x55 iomgr.o
 .debug_line    0x000007f1       0x37 debug.o
 .debug_line    0x00000828       0x50 drv_14seg.o
 .debug_line    0x00000878       0x4b numlib.o
 .debug_line    0x000008c3       0xa4 c:/program files (x86)/microchip/mplab c32 suite/bin/../lib/gcc/pic32mx/4.5.1/../../../../pic32mx/lib\libc.a(default-general-exception-handler.o)
 .debug_line    0x00000967       0xa6 c:/program files (x86)/microchip/mplab c32 suite/bin/../lib/gcc/pic32mx/4.5.1/../../../../pic32mx/lib\libc.a(default-bootstrap-exception-handler.o)
 .debug_line    0x00000a0d       0x93 c:/program files (x86)/microchip/mplab c32 suite/bin/../lib/gcc/pic32mx/4.5.1/../../../../pic32mx/lib\libc.a(default-on-reset.o)
 .debug_line    0x00000aa0       0x97 c:/program files (x86)/microchip/mplab c32 suite/bin/../lib/gcc/pic32mx/4.5.1/../../../../pic32mx/lib\libc.a(default-on-bootstrap.o)

.debug_frame    0x00000000       0x80
 *(.debug_frame)
 .debug_frame   0x00000000       0x20 c:/program files (x86)/microchip/mplab c32 suite/bin/../lib/gcc/pic32mx/4.5.1/../../../../pic32mx/lib\libc.a(default-general-exception-handler.o)
 .debug_frame   0x00000020       0x20 c:/program files (x86)/microchip/mplab c32 suite/bin/../lib/gcc/pic32mx/4.5.1/../../../../pic32mx/lib\libc.a(default-bootstrap-exception-handler.o)
 .debug_frame   0x00000040       0x20 c:/program files (x86)/microchip/mplab c32 suite/bin/../lib/gcc/pic32mx/4.5.1/../../../../pic32mx/lib\libc.a(default-on-reset.o)
 .debug_frame   0x00000060       0x20 c:/program files (x86)/microchip/mplab c32 suite/bin/../lib/gcc/pic32mx/4.5.1/../../../../pic32mx/lib\libc.a(default-on-bootstrap.o)

.debug_str      0x00000000        0x0
 *(.debug_str)
 .debug_str     0x00000000        0x0 c:/program files (x86)/microchip/mplab c32 suite/bin/../lib/gcc/pic32mx/4.5.1/../../../../pic32mx/lib\libc.a(default-general-exception-handler.o)
 .debug_str     0x00000000        0x0 c:/program files (x86)/microchip/mplab c32 suite/bin/../lib/gcc/pic32mx/4.5.1/../../../../pic32mx/lib\libc.a(default-bootstrap-exception-handler.o)
 .debug_str     0x00000000        0x0 c:/program files (x86)/microchip/mplab c32 suite/bin/../lib/gcc/pic32mx/4.5.1/../../../../pic32mx/lib\libc.a(default-on-reset.o)
 .debug_str     0x00000000        0x0 c:/program files (x86)/microchip/mplab c32 suite/bin/../lib/gcc/pic32mx/4.5.1/../../../../pic32mx/lib\libc.a(default-on-bootstrap.o)

.debug_loc
 *(.debug_loc)

.debug_macinfo
 *(.debug_macinfo)

.debug_weaknames
 *(.debug_weaknames)

.debug_funcnames
 *(.debug_funcnames)

.debug_typenames
 *(.debug_typenames)

.debug_varnames
 *(.debug_varnames)

.debug_pubtypes
 *(.debug_pubtypes)

.debug_ranges   0x00000000       0x60
 *(.debug_ranges)
 .debug_ranges  0x00000000       0x20 exception.o
 .debug_ranges  0x00000020       0x10 c:/program files (x86)/microchip/mplab c32 suite/bin/../lib/gcc/pic32mx/4.5.1/../../../../pic32mx/lib\libc.a(default-general-exception-handler.o)
 .debug_ranges  0x00000030       0x10 c:/program files (x86)/microchip/mplab c32 suite/bin/../lib/gcc/pic32mx/4.5.1/../../../../pic32mx/lib\libc.a(default-bootstrap-exception-handler.o)
 .debug_ranges  0x00000040       0x10 c:/program files (x86)/microchip/mplab c32 suite/bin/../lib/gcc/pic32mx/4.5.1/../../../../pic32mx/lib\libc.a(default-on-reset.o)
 .debug_ranges  0x00000050       0x10 c:/program files (x86)/microchip/mplab c32 suite/bin/../lib/gcc/pic32mx/4.5.1/../../../../pic32mx/lib\libc.a(default-on-bootstrap.o)

.gnu.attributes
                0x00000000       0x10
 *(.gnu.attributes)
 .gnu.attributes
                0x00000000       0x10 c:/program files (x86)/microchip/mplab c32 suite/bin/../lib/gcc/pic32mx/4.5.1/../../../../pic32mx/lib\libc.a(default-general-exception-handler.o)
 .gnu.attributes
                0x00000010       0x10 c:/program files (x86)/microchip/mplab c32 suite/bin/../lib/gcc/pic32mx/4.5.1/../../../../pic32mx/lib\libc.a(default-bootstrap-exception-handler.o)
 .gnu.attributes
                0x00000020       0x10 c:/program files (x86)/microchip/mplab c32 suite/bin/../lib/gcc/pic32mx/4.5.1/../../../../pic32mx/lib\libc.a(default-on-reset.o)
 .gnu.attributes
                0x00000030       0x10 c:/program files (x86)/microchip/mplab c32 suite/bin/../lib/gcc/pic32mx/4.5.1/../../../../pic32mx/lib\libc.a(default-on-bootstrap.o)
OUTPUT(krnl.elf elf32-tradlittlemips)
LOAD stack
LOAD data_init

.stack          0xa00002d8      0x400
 .stack         0xa00002d8      0x400 stack

.data           0xa0000200       0xad
 .data          0xa0000200       0x60 ctxswitch.o
 .data          0xa0000260       0x38 xmips.o
 .data          0xa0000298       0x15 main.o

.data           0xa00002b0        0x8
 .data          0xa00002b0        0x8 addrmap.o
                0xa00002b0                KRNL_CONTEXT_ADDR
                0xa00002b4                KRNL_STACK_ADDR

.bss%z1         0x00000000        0x0
 .bss           0x00000000        0x0 c:/program files (x86)/microchip/mplab c32 suite/bin/../lib/gcc/pic32mx/4.5.1/../../../../pic32mx/lib/./proc/32MX795F512L\processor.o

.data%z2        0x00000000        0x0
 .data          0x00000000        0x0 c:/program files (x86)/microchip/mplab c32 suite/bin/../lib/gcc/pic32mx/4.5.1/../../../../pic32mx/lib/./proc/32MX795F512L\processor.o

.bss%z3         0x00000000        0x0
 .bss           0x00000000        0x0 c:/program files (x86)/microchip/mplab c32 suite/bin/../lib/gcc/pic32mx/4.5.1/../../../../pic32mx/lib\libc.a(default-nmi-handler.o)

.data%z4        0x00000000        0x0
 .data          0x00000000        0x0 c:/program files (x86)/microchip/mplab c32 suite/bin/../lib/gcc/pic32mx/4.5.1/../../../../pic32mx/lib\libc.a(default-nmi-handler.o)

.mdebug.abi32%z5
                0x00000000        0x0
 .mdebug.abi32  0x00000000        0x0 c:/program files (x86)/microchip/mplab c32 suite/bin/../lib/gcc/pic32mx/4.5.1/../../../../pic32mx/lib\libc.a(default-on-bootstrap.o)

.bss%z6         0x00000000        0x0
 .bss           0x00000000        0x0 c:/program files (x86)/microchip/mplab c32 suite/bin/../lib/gcc/pic32mx/4.5.1/../../../../pic32mx/lib\libc.a(default-on-bootstrap.o)

.data%z7        0x00000000        0x0
 .data          0x00000000        0x0 c:/program files (x86)/microchip/mplab c32 suite/bin/../lib/gcc/pic32mx/4.5.1/../../../../pic32mx/lib\libc.a(default-on-bootstrap.o)

.mdebug.abi32%z8
                0x00000000        0x0
 .mdebug.abi32  0x00000000        0x0 c:/program files (x86)/microchip/mplab c32 suite/bin/../lib/gcc/pic32mx/4.5.1/../../../../pic32mx/lib\libc.a(default-on-reset.o)

.bss%z9         0x00000000        0x0
 .bss           0x00000000        0x0 c:/program files (x86)/microchip/mplab c32 suite/bin/../lib/gcc/pic32mx/4.5.1/../../../../pic32mx/lib\libc.a(default-on-reset.o)

.data%z10       0x00000000        0x0
 .data          0x00000000        0x0 c:/program files (x86)/microchip/mplab c32 suite/bin/../lib/gcc/pic32mx/4.5.1/../../../../pic32mx/lib\libc.a(default-on-reset.o)

.mdebug.abi32%z11
                0x00000000        0x0
 .mdebug.abi32  0x00000000        0x0 c:/program files (x86)/microchip/mplab c32 suite/bin/../lib/gcc/pic32mx/4.5.1/../../../../pic32mx/lib\libc.a(default-bootstrap-exception-handler.o)

.bss%z12        0x00000000        0x0
 .bss           0x00000000        0x0 c:/program files (x86)/microchip/mplab c32 suite/bin/../lib/gcc/pic32mx/4.5.1/../../../../pic32mx/lib\libc.a(default-bootstrap-exception-handler.o)

.data%z13       0x00000000        0x0
 .data          0x00000000        0x0 c:/program files (x86)/microchip/mplab c32 suite/bin/../lib/gcc/pic32mx/4.5.1/../../../../pic32mx/lib\libc.a(default-bootstrap-exception-handler.o)

.mdebug.abi32%z14
                0x00000000        0x0
 .mdebug.abi32  0x00000000        0x0 c:/program files (x86)/microchip/mplab c32 suite/bin/../lib/gcc/pic32mx/4.5.1/../../../../pic32mx/lib\libc.a(default-general-exception-handler.o)

.bss%z15        0x00000000        0x0
 .bss           0x00000000        0x0 c:/program files (x86)/microchip/mplab c32 suite/bin/../lib/gcc/pic32mx/4.5.1/../../../../pic32mx/lib\libc.a(default-general-exception-handler.o)

.data%z16       0x00000000        0x0
 .data          0x00000000        0x0 c:/program files (x86)/microchip/mplab c32 suite/bin/../lib/gcc/pic32mx/4.5.1/../../../../pic32mx/lib\libc.a(default-general-exception-handler.o)

.bss%z17        0x00000000        0x0
 .bss           0x00000000        0x0 c:/program files (x86)/microchip/mplab c32 suite/bin/../lib/gcc/pic32mx/4.5.1/../../../../pic32mx/lib\libc.a(general-exception.o)

.data%z18       0x00000000        0x0
 .data          0x00000000        0x0 c:/program files (x86)/microchip/mplab c32 suite/bin/../lib/gcc/pic32mx/4.5.1/../../../../pic32mx/lib\libc.a(general-exception.o)

.bss%z19        0x00000000        0x0
 .bss           0x00000000        0x0 numlib.o

.data%z20       0x00000000        0x0
 .data          0x00000000        0x0 numlib.o

.bss%z21        0x00000000        0x0
 .bss           0x00000000        0x0 drv_14seg.o

.data%z22       0x00000000        0x0
 .data          0x00000000        0x0 drv_14seg.o

.bss%z23        0x00000000        0x0
 .bss           0x00000000        0x0 debug.o

.data%z24       0x00000000        0x0
 .data          0x00000000        0x0 debug.o

.bss%z25        0x00000000        0x0
 .bss           0x00000000        0x0 iomgr.o

.data%z26       0x00000000        0x0
 .data          0x00000000        0x0 iomgr.o

.bss%z27        0x00000000        0x0
 .bss           0x00000000        0x0 serial.o

.data%z28       0x00000000        0x0
 .data          0x00000000        0x0 serial.o

.bss%z29        0x00000000        0x0
 .bss           0x00000000        0x0 xmips.o

.bss%z30        0x00000000        0x0
 .bss           0x00000000        0x0 idle.o

.data%z31       0x00000000        0x0
 .data          0x00000000        0x0 idle.o

.bss%z32        0x00000000        0x0
 .bss           0x00000000        0x0 syscall.o

.data%z33       0x00000000        0x0
 .data          0x00000000        0x0 syscall.o

.bss%z34        0x00000000        0x0
 .bss           0x00000000        0x0 addrmap.o

.bss%z35        0x00000000        0x0
 .bss           0x00000000        0x0 exception.o

.data%z36       0x00000000        0x0
 .data          0x00000000        0x0 exception.o

.bss%z37        0x00000000        0x0
 .bss           0x00000000        0x0 pcr.o

.data%z38       0x00000000        0x0
 .data          0x00000000        0x0 pcr.o

.bss%z39        0x00000000        0x0
 .bss           0x00000000        0x0 mmregion.o

.data%z40       0x00000000        0x0
 .data          0x00000000        0x0 mmregion.o

.bss%z41        0x00000000        0x0
 .bss           0x00000000        0x0 fubar.o

.data%z42       0x00000000        0x0
 .data          0x00000000        0x0 fubar.o

.bss%z43        0x00000000        0x0
 .bss           0x00000000        0x0 event.o

.data%z44       0x00000000        0x0
 .data          0x00000000        0x0 event.o

.bss%z45        0x00000000        0x0
 .bss           0x00000000        0x0 mutex.o

.data%z46       0x00000000        0x0
 .data          0x00000000        0x0 mutex.o

.bss%z47        0x00000000        0x0
 .bss           0x00000000        0x0 init.o

.data%z48       0x00000000        0x0
 .data          0x00000000        0x0 init.o

.bss%z49        0x00000000        0x0
 .bss           0x00000000        0x0 main.o

.bss%z50        0x00000000        0x0
 .bss           0x00000000        0x0 simplemm.o

.data%z51       0x00000000        0x0
 .data          0x00000000        0x0 simplemm.o

.bss%z52        0x00000000        0x0
 .bss           0x00000000        0x0 ctxswitch.o

.bss%z53        0x00000000        0x0
 .bss           0x00000000        0x0 interrupt.o

.data%z54       0x00000000        0x0
 .data          0x00000000        0x0 interrupt.o

.bss%z55        0x00000000        0x0
 .bss           0x00000000        0x0 spinlock.o

.data%z56       0x00000000        0x0
 .data          0x00000000        0x0 spinlock.o

.bss%z57        0x00000000        0x0
 .bss           0x00000000        0x0 c:/program files (x86)/microchip/mplab c32 suite/bin/../lib/gcc/pic32mx/4.5.1/../../../../pic32mx/lib/crt0.o

.data%z58       0x00000000        0x0
 .data          0x00000000        0x0 c:/program files (x86)/microchip/mplab c32 suite/bin/../lib/gcc/pic32mx/4.5.1/../../../../pic32mx/lib/crt0.o

.app_excpt      0x9d001000     0x1000
 .app_excpt     0x9d001000     0x1000 exception.o

.text           0x9d000008      0xf64
 .text          0x9d000008      0x43c xmips.o
                0x9d000008                hal_enter_low_power_mode
                0x9d00001c                hal_exit_low_power_mode
                0x9d000034                hal_get_timer_irq
                0x9d00003c                hal_enable_timer
                0x9d0000a4                hal_clear_timer_interrupt
                0x9d0000e8                hal_disable_timer
                0x9d00017c                hal_init_hardware
                0x9d0002a4                hal_uart_write
                0x9d0002e0                hal_uart_read
                0x9d00031c                hal_xmips_blink_r
                0x9d000350                hal_xmips_blink_g
                0x9d000384                hal_xmips_blink_b
                0x9d0003b8                hal_spi_write
                0x9d0003e8                hal_spi_select
                0x9d000410                hal_spi_deselect
 .text          0x9d000444      0x428 ctxswitch.o
                0x9d000444                krnl_scheduler_init
                0x9d000504                krnl_create_thread
                0x9d000604                krnl_create_initial_user_thread
                0x9d000648                krnl_user_thread_exception
                0x9d000794                krnl_yield_thread
 .text          0x9d00086c      0x2a4 exception.o
                0x9d00089c                krnl_return_to_epc
                0x9d0008fc                krnl_return_to_epc_next
                0x9d000960                krnl_exception_init
 .text          0x9d000b10      0x1d4 syscall.o
                0x9d000b18                krnl_syscall_init
                0x9d000c3c                krnl_syscall_dispatch
 .text          0x9d000ce4      0x158 main.o
                0x9d000ce4                main
 .text          0x9d000e3c      0x130 mutex.o
                0x9d000e3c                krnl_mutex_acquire
                0x9d000ed4                krnl_mutex_release
                0x9d000f44                krnl_mutex_init
                0x9d000f50                krnl_mutex_is_locked

.dinit          0x9d002000       0xec
 .dinit         0x9d002000       0xec data_init

.text.general_exception
                0x9d0020ec       0xd0
 .text.general_exception
                0x9d0020ec       0xd0 c:/program files (x86)/microchip/mplab c32 suite/bin/../lib/gcc/pic32mx/4.5.1/../../../../pic32mx/lib\libc.a(general-exception.o)
                0x9d0020ec                _general_exception_context

.text           0x9d0021bc      0x2e8
 .text          0x9d0021bc       0xc8 serial.o
                0x9d0021bc                krnl_serial_read_char
                0x9d0021c4                krnl_serial_read_string
                0x9d002234                krnl_serial_write_char
                0x9d00223c                krnl_serial_write_string
 .text          0x9d002284       0xc4 interrupt.o
                0x9d002284                krnl_request_softint
                0x9d0022a8                krnl_register_interrupt
                0x9d0022dc                krnl_unregister_interrupt
                0x9d002300                krnl_disable_interrupts
                0x9d002314                krnl_restore_interrupts
                0x9d00232c                krnl_interrupt_dispatch
 .text          0x9d002348       0xb4 init.o
                0x9d002348                krnl_init
 .text          0x9d0023fc       0xa8 simplemm.o
                0x9d0023fc                krnl_mm_init
                0x9d002420                krnl_paged_alloc

.text           0x9d000f6c       0x94
 .text          0x9d000f6c       0x94 iomgr.o
                0x9d000f6c                krnl_iomgr_init
                0x9d000f74                krnl_io_write_int
                0x9d000f7c                krnl_io_write_float
                0x9d000f84                krnl_io_write_double
                0x9d000f8c                krnl_io_write_string
                0x9d000f98                krnl_io_write_char
                0x9d000fa4                krnl_io_read_int
                0x9d000fd8                krnl_io_read_float
                0x9d000fe0                krnl_io_read_double
                0x9d000fe8                krnl_io_read_string
                0x9d000ff8                krnl_io_read_char

.text           0x9d0024a4      0x23c
 .text          0x9d0024a4       0x68 idle.o
                0x9d0024a4                krnl_create_idle_thread
                0x9d0024fc                krnl_idle
 .text          0x9d00250c       0x64 drv_14seg.o
                0x9d00250c                drv_write_char_led
 .text          0x9d002570       0x60 numlib.o
                0x9d002570                numlib_char_to_int
                0x9d002578                numlib_string_to_int
 .text          0x9d0025d0       0x48 mmregion.o
                0x9d0025d0                krnl_mmregion_alloc
                0x9d0025f8                krnl_mmregion_init
 .text          0x9d002618       0x3c pcr.o
                0x9d002618                krnl_pcr_alloc
 .text          0x9d002654       0x38 spinlock.o
                0x9d002654                krnl_spinlock_acquire
                0x9d002678                krnl_spinlock_release
                0x9d002684                krnl_spinlock_init
 .text          0x9d00268c       0x20 event.o
                0x9d00268c                krnl_event_init
                0x9d002694                krnl_event_wait
                0x9d00269c                krnl_event_signal
                0x9d0026a4                krnl_event_is_signalled
 .text          0x9d0026ac       0x18 c:/program files (x86)/microchip/mplab c32 suite/bin/../lib/gcc/pic32mx/4.5.1/../../../../pic32mx/lib\libc.a(default-nmi-handler.o)
                0x9d0026ac                _nmi_handler
 .text          0x9d0026c4       0x10 c:/program files (x86)/microchip/mplab c32 suite/bin/../lib/gcc/pic32mx/4.5.1/../../../../pic32mx/lib/crt0.o
                0x9d0026cc                __crt0_exit
 .text          0x9d0026d4        0xc debug.o
                0x9d0026d4                krnl_debug

.text._general_exception_handler
                0x9d0026e0        0xc
 .text._general_exception_handler
                0x9d0026e0        0xc c:/program files (x86)/microchip/mplab c32 suite/bin/../lib/gcc/pic32mx/4.5.1/../../../../pic32mx/lib\libc.a(default-general-exception-handler.o)
                0x9d0026e0                _general_exception_handler

.text._bootstrap_exception_handler
                0x9d0026ec        0xc
 .text._bootstrap_exception_handler
                0x9d0026ec        0xc c:/program files (x86)/microchip/mplab c32 suite/bin/../lib/gcc/pic32mx/4.5.1/../../../../pic32mx/lib\libc.a(default-bootstrap-exception-handler.o)
                0x9d0026ec                _bootstrap_exception_handler

.text           0x9d0026f8        0x8
 .text          0x9d0026f8        0x8 fubar.o
                0x9d0026f8                krnl_fubar

.text._on_reset
                0x9d002700        0x8
 .text._on_reset
                0x9d002700        0x8 c:/program files (x86)/microchip/mplab c32 suite/bin/../lib/gcc/pic32mx/4.5.1/../../../../pic32mx/lib\libc.a(default-on-reset.o)
                0x9d002700                _on_reset

.text._on_bootstrap
                0x9d002708        0x8
 .text._on_bootstrap
                0x9d002708        0x8 c:/program files (x86)/microchip/mplab c32 suite/bin/../lib/gcc/pic32mx/4.5.1/../../../../pic32mx/lib\libc.a(default-on-bootstrap.o)
                0x9d002708                _on_bootstrap

.text%z59       0x00000000        0x0
 .text          0x00000000        0x0 c:/program files (x86)/microchip/mplab c32 suite/bin/../lib/gcc/pic32mx/4.5.1/../../../../pic32mx/lib/./proc/32MX795F512L\processor.o

.text%z60       0x00000000        0x0
 .text          0x00000000        0x0 c:/program files (x86)/microchip/mplab c32 suite/bin/../lib/gcc/pic32mx/4.5.1/../../../../pic32mx/lib\libc.a(default-on-bootstrap.o)

.text%z61       0x00000000        0x0
 .text          0x00000000        0x0 c:/program files (x86)/microchip/mplab c32 suite/bin/../lib/gcc/pic32mx/4.5.1/../../../../pic32mx/lib\libc.a(default-on-reset.o)

.text%z62       0x00000000        0x0
 .text          0x00000000        0x0 c:/program files (x86)/microchip/mplab c32 suite/bin/../lib/gcc/pic32mx/4.5.1/../../../../pic32mx/lib\libc.a(default-bootstrap-exception-handler.o)

.text%z63       0x00000000        0x0
 .text          0x00000000        0x0 c:/program files (x86)/microchip/mplab c32 suite/bin/../lib/gcc/pic32mx/4.5.1/../../../../pic32mx/lib\libc.a(default-general-exception-handler.o)

.text%z64       0x00000000        0x0
 .text          0x00000000        0x0 c:/program files (x86)/microchip/mplab c32 suite/bin/../lib/gcc/pic32mx/4.5.1/../../../../pic32mx/lib\libc.a(general-exception.o)

.text%z65       0x00000000        0x0
 .text          0x00000000        0x0 addrmap.o
